Connecting to WebSocket...
Crawl started for https://example.com
WS: {'type': 'progress', 'progress': 0.001, 'crawled': 1, 'queue': 0, 'speed': 16.0, 'latest_url': '', 'status_code': 0, 'is_bypass': False}
WS: {'type': 'complete', 'task_id': '7499db1f-9316-4db8-b30c-44f66008def8', 'total': 1}
